{
  "version": "1.5.0",
  "plugins_used": [
    {
      "name": "ArtifactoryDetector"
    },
    {
      "name": "AWSKeyDetector"
    },
    {
      "name": "AzureStorageKeyDetector"
    },
    {
      "name": "Base64HighEntropyString",
      "limit": 4.5
    },
    {
      "name": "BasicAuthDetector"
    },
    {
      "name": "CloudantDetector"
    },
    {
      "name": "DiscordBotTokenDetector"
    },
    {
      "name": "GitHubTokenDetector"
    },
    {
      "name": "GitLabTokenDetector"
    },
    {
      "name": "HexHighEntropyString",
      "limit": 3.0
    },
    {
      "name": "IbmCloudIamDetector"
    },
    {
      "name": "IbmCosHmacDetector"
    },
    {
      "name": "IPPublicDetector"
    },
    {
      "name": "JwtTokenDetector"
    },
    {
      "name": "KeywordDetector",
      "keyword_exclude": ""
    },
    {
      "name": "MailchimpDetector"
    },
    {
      "name": "NpmDetector"
    },
    {
      "name": "OpenAIDetector"
    },
    {
      "name": "PrivateKeyDetector"
    },
    {
      "name": "PypiTokenDetector"
    },
    {
      "name": "SendGridDetector"
    },
    {
      "name": "SlackDetector"
    },
    {
      "name": "SoftlayerDetector"
    },
    {
      "name": "SquareOAuthDetector"
    },
    {
      "name": "StripeDetector"
    },
    {
      "name": "TelegramBotTokenDetector"
    },
    {
      "name": "TwilioKeyDetector"
    }
  ],
  "filters_used": [
    {
      "path": "detect_secrets.filters.allowlist.is_line_allowlisted"
    },
    {
      "path": "detect_secrets.filters.common.is_ignored_due_to_verification_policies",
      "min_level": 2
    },
    {
      "path": "detect_secrets.filters.heuristic.is_indirect_reference"
    },
    {
      "path": "detect_secrets.filters.heuristic.is_likely_id_string"
    },
    {
      "path": "detect_secrets.filters.heuristic.is_lock_file"
    },
    {
      "path": "detect_secrets.filters.heuristic.is_not_alphanumeric_string"
    },
    {
      "path": "detect_secrets.filters.heuristic.is_potential_uuid"
    },
    {
      "path": "detect_secrets.filters.heuristic.is_prefixed_with_dollar_sign"
    },
    {
      "path": "detect_secrets.filters.heuristic.is_sequential_string"
    },
    {
      "path": "detect_secrets.filters.heuristic.is_swagger_file"
    },
    {
      "path": "detect_secrets.filters.heuristic.is_templated_secret"
    }
  ],
  "results": {
    ".venv\\CACHEDIR.TAG": [
      {
        "type": "Hex High Entropy String",
        "filename": ".venv\\CACHEDIR.TAG",
        "hashed_secret": "e8f8c345877b2411a59897798e422b15b0c16d76",
        "is_verified": false,
        "line_number": 1
      }
    ],
    ".venv\\Lib\\site-packages\\PyJWT-2.10.1.dist-info\\METADATA": [
      {
        "type": "JSON Web Token",
        "filename": ".venv\\Lib\\site-packages\\PyJWT-2.10.1.dist-info\\METADATA",
        "hashed_secret": "f3a4a81581cc10427282175d71d2f6f01cc1c1be",
        "is_verified": false,
        "line_number": 89
      }
    ],
    ".venv\\Lib\\site-packages\\adodbapi\\test\\adodbapitestconfig.py": [
      {
        "type": "Base64 High Entropy String",
        "filename": ".venv\\Lib\\site-packages\\adodbapi\\test\\adodbapitestconfig.py",
        "hashed_secret": "9f4619cc6b3e77b8beeccaf3a4c697193351f416",
        "is_verified": false,
        "line_number": 52
      },
      {
        "type": "Secret Keyword",
        "filename": ".venv\\Lib\\site-packages\\adodbapi\\test\\adodbapitestconfig.py",
        "hashed_secret": "04ec0bf05df890923e66c17bb4ce857b4542d394",
        "is_verified": false,
        "line_number": 122
      }
    ],
    ".venv\\Lib\\site-packages\\adodbapi\\test\\test_adodbapi_dbapi20.py": [
      {
        "type": "Secret Keyword",
        "filename": ".venv\\Lib\\site-packages\\adodbapi\\test\\test_adodbapi_dbapi20.py",
        "hashed_secret": "04ec0bf05df890923e66c17bb4ce857b4542d394",
        "is_verified": false,
        "line_number": 45
      }
    ],
    ".venv\\Lib\\site-packages\\cryptography\\hazmat\\_oid.py": [
      {
        "type": "Secret Keyword",
        "filename": ".venv\\Lib\\site-packages\\cryptography\\hazmat\\_oid.py",
        "hashed_secret": "afe3ee1ae892f455f2fd42038bce7e207e215987",
        "is_verified": false,
        "line_number": 317
      },
      {
        "type": "Secret Keyword",
        "filename": ".venv\\Lib\\site-packages\\cryptography\\hazmat\\_oid.py",
        "hashed_secret": "77ed6e40696bbda8ca7f73fa3e77e8ad45f79c38",
        "is_verified": false,
        "line_number": 355
      }
    ],
    ".venv\\Lib\\site-packages\\cryptography\\hazmat\\primitives\\serialization\\ssh.py": [
      {
        "type": "Private Key",
        "filename": ".venv\\Lib\\site-packages\\cryptography\\hazmat\\primitives\\serialization\\ssh.py",
        "hashed_secret": "27c6929aef41ae2bcadac15ca6abcaff72cda9cd",
        "is_verified": false,
        "line_number": 78
      }
    ],
    ".venv\\Lib\\site-packages\\detect_secrets-1.5.0.dist-info\\entry_points.txt": [
      {
        "type": "Secret Keyword",
        "filename": ".venv\\Lib\\site-packages\\detect_secrets-1.5.0.dist-info\\entry_points.txt",
        "hashed_secret": "a55cc495941ba0f382d3090386f5e07e63ef423d",
        "is_verified": false,
        "line_number": 2
      }
    ],
    ".venv\\Lib\\site-packages\\detect_secrets\\core\\potential_secret.py": [
      {
        "type": "Secret Keyword",
        "filename": ".venv\\Lib\\site-packages\\detect_secrets\\core\\potential_secret.py",
        "hashed_secret": "522bb49471c191584acd7dc2ceb42c03ca384a56",
        "is_verified": false,
        "line_number": 80
      }
    ],
    ".venv\\Lib\\site-packages\\detect_secrets\\main.py": [
      {
        "type": "Secret Keyword",
        "filename": ".venv\\Lib\\site-packages\\detect_secrets\\main.py",
        "hashed_secret": "97cdbdc7feff827efb082a6b6dd2727237cd49fd",
        "is_verified": false,
        "line_number": 96
      }
    ],
    ".venv\\Lib\\site-packages\\detect_secrets\\plugins\\artifactory.py": [
      {
        "type": "Secret Keyword",
        "filename": ".venv\\Lib\\site-packages\\detect_secrets\\plugins\\artifactory.py",
        "hashed_secret": "4825f8a411ba7cf9879a5f20331cab599299461a",
        "is_verified": false,
        "line_number": 8
      }
    ],
    ".venv\\Lib\\site-packages\\detect_secrets\\plugins\\aws.py": [
      {
        "type": "Secret Keyword",
        "filename": ".venv\\Lib\\site-packages\\detect_secrets\\plugins\\aws.py",
        "hashed_secret": "f2c45c60a2b1d2e8be265ff4b81faff4b90ac37d",
        "is_verified": false,
        "line_number": 23
      }
    ],
    ".venv\\Lib\\site-packages\\detect_secrets\\plugins\\azure_storage_key.py": [
      {
        "type": "Secret Keyword",
        "filename": ".venv\\Lib\\site-packages\\detect_secrets\\plugins\\azure_storage_key.py",
        "hashed_secret": "b80344e49f04ffacb0e65b37348bf05cf6435d28",
        "is_verified": false,
        "line_number": 11
      }
    ],
    ".venv\\Lib\\site-packages\\detect_secrets\\plugins\\base.py": [
      {
        "type": "Secret Keyword",
        "filename": ".venv\\Lib\\site-packages\\detect_secrets\\plugins\\base.py",
        "hashed_secret": "0beec7b5ea3f0fdbc95d0dd47f3c5bc275da8a33",
        "is_verified": false,
        "line_number": 156
      }
    ],
    ".venv\\Lib\\site-packages\\detect_secrets\\plugins\\basic_auth.py": [
      {
        "type": "Secret Keyword",
        "filename": ".venv\\Lib\\site-packages\\detect_secrets\\plugins\\basic_auth.py",
        "hashed_secret": "37b12e79df06e491c18cfe099eaf8aca6eae297c",
        "is_verified": false,
        "line_number": 17
      }
    ],
    ".venv\\Lib\\site-packages\\detect_secrets\\plugins\\cloudant.py": [
      {
        "type": "Secret Keyword",
        "filename": ".venv\\Lib\\site-packages\\detect_secrets\\plugins\\cloudant.py",
        "hashed_secret": "4010fd1234708a61d161d124b0cd8e0a79e9786a",
        "is_verified": false,
        "line_number": 14
      }
    ],
    ".venv\\Lib\\site-packages\\detect_secrets\\plugins\\discord.py": [
      {
        "type": "Secret Keyword",
        "filename": ".venv\\Lib\\site-packages\\detect_secrets\\plugins\\discord.py",
        "hashed_secret": "80e2bc3729001eef2f5b8e6bdf1632ed394aa8af",
        "is_verified": false,
        "line_number": 11
      }
    ],
    ".venv\\Lib\\site-packages\\detect_secrets\\plugins\\github_token.py": [
      {
        "type": "Secret Keyword",
        "filename": ".venv\\Lib\\site-packages\\detect_secrets\\plugins\\github_token.py",
        "hashed_secret": "677cedf7877737a2cb84fa055fb71200a93bd9ad",
        "is_verified": false,
        "line_number": 11
      }
    ],
    ".venv\\Lib\\site-packages\\detect_secrets\\plugins\\gitlab_token.py": [
      {
        "type": "Secret Keyword",
        "filename": ".venv\\Lib\\site-packages\\detect_secrets\\plugins\\gitlab_token.py",
        "hashed_secret": "ff9238b5782acd2176d54becea530127aeb3d8fe",
        "is_verified": false,
        "line_number": 12
      }
    ],
    ".venv\\Lib\\site-packages\\detect_secrets\\plugins\\high_entropy_strings.py": [
      {
        "type": "Secret Keyword",
        "filename": ".venv\\Lib\\site-packages\\detect_secrets\\plugins\\high_entropy_strings.py",
        "hashed_secret": "6fe31bb7eab1420120775f24ab313c585e5a0115",
        "is_verified": false,
        "line_number": 142
      },
      {
        "type": "Secret Keyword",
        "filename": ".venv\\Lib\\site-packages\\detect_secrets\\plugins\\high_entropy_strings.py",
        "hashed_secret": "2fd896385ddd0129c48bc014dc662af63082d200",
        "is_verified": false,
        "line_number": 160
      }
    ],
    ".venv\\Lib\\site-packages\\detect_secrets\\plugins\\ibm_cloud_iam.py": [
      {
        "type": "Secret Keyword",
        "filename": ".venv\\Lib\\site-packages\\detect_secrets\\plugins\\ibm_cloud_iam.py",
        "hashed_secret": "bc5d769a55d08aa6f3ed3f167c058ec35376fec0",
        "is_verified": false,
        "line_number": 12
      }
    ],
    ".venv\\Lib\\site-packages\\detect_secrets\\plugins\\ibm_cos_hmac.py": [
      {
        "type": "Secret Keyword",
        "filename": ".venv\\Lib\\site-packages\\detect_secrets\\plugins\\ibm_cos_hmac.py",
        "hashed_secret": "5ac3c034e6f3a896546359d21cb309575717f05b",
        "is_verified": false,
        "line_number": 21
      }
    ],
    ".venv\\Lib\\site-packages\\detect_secrets\\plugins\\ip_public.py": [
      {
        "type": "Secret Keyword",
        "filename": ".venv\\Lib\\site-packages\\detect_secrets\\plugins\\ip_public.py",
        "hashed_secret": "0b1f769a9e28e054d7df348c98b0cba1917febb4",
        "is_verified": false,
        "line_number": 19
      }
    ],
    ".venv\\Lib\\site-packages\\detect_secrets\\plugins\\jwt.py": [
      {
        "type": "Secret Keyword",
        "filename": ".venv\\Lib\\site-packages\\detect_secrets\\plugins\\jwt.py",
        "hashed_secret": "932ca321c659a3b97ee2611d4c44ec5f65e2aa9c",
        "is_verified": false,
        "line_number": 14
      }
    ],
    ".venv\\Lib\\site-packages\\detect_secrets\\plugins\\keyword.py": [
      {
        "type": "Secret Keyword",
        "filename": ".venv\\Lib\\site-packages\\detect_secrets\\plugins\\keyword.py",
        "hashed_secret": "f32b67c7e26342af42efabc674d441dca0a281c5",
        "is_verified": false,
        "line_number": 67
      },
      {
        "type": "Secret Keyword",
        "filename": ".venv\\Lib\\site-packages\\detect_secrets\\plugins\\keyword.py",
        "hashed_secret": "0beec7b5ea3f0fdbc95d0dd47f3c5bc275da8a33",
        "is_verified": false,
        "line_number": 122
      },
      {
        "type": "Secret Keyword",
        "filename": ".venv\\Lib\\site-packages\\detect_secrets\\plugins\\keyword.py",
        "hashed_secret": "62cdb7020ff920e5aa642c3d4066950dd1f01f4d",
        "is_verified": false,
        "line_number": 133
      },
      {
        "type": "Secret Keyword",
        "filename": ".venv\\Lib\\site-packages\\detect_secrets\\plugins\\keyword.py",
        "hashed_secret": "1af17e73721dbe0c40011b82ed4bb1a7dbe3ce29",
        "is_verified": false,
        "line_number": 196
      },
      {
        "type": "Secret Keyword",
        "filename": ".venv\\Lib\\site-packages\\detect_secrets\\plugins\\keyword.py",
        "hashed_secret": "f9b72e805000a5ea310939e167b6b1c2888125f7",
        "is_verified": false,
        "line_number": 269
      }
    ],
    ".venv\\Lib\\site-packages\\detect_secrets\\plugins\\mailchimp.py": [
      {
        "type": "Secret Keyword",
        "filename": ".venv\\Lib\\site-packages\\detect_secrets\\plugins\\mailchimp.py",
        "hashed_secret": "35903c2a33d34d4cd19835ee9493a65fc1a7e4bc",
        "is_verified": false,
        "line_number": 15
      }
    ],
    ".venv\\Lib\\site-packages\\detect_secrets\\plugins\\npm.py": [
      {
        "type": "Secret Keyword",
        "filename": ".venv\\Lib\\site-packages\\detect_secrets\\plugins\\npm.py",
        "hashed_secret": "91f845de51016327363f57d22da2466cbc652314",
        "is_verified": false,
        "line_number": 11
      }
    ],
    ".venv\\Lib\\site-packages\\detect_secrets\\plugins\\openai.py": [
      {
        "type": "Secret Keyword",
        "filename": ".venv\\Lib\\site-packages\\detect_secrets\\plugins\\openai.py",
        "hashed_secret": "660b79d7d79f4aaa174580076ef6e079b8a81914",
        "is_verified": false,
        "line_number": 11
      }
    ],
    ".venv\\Lib\\site-packages\\detect_secrets\\plugins\\private_key.py": [
      {
        "type": "Secret Keyword",
        "filename": ".venv\\Lib\\site-packages\\detect_secrets\\plugins\\private_key.py",
        "hashed_secret": "ade5ddaf2557ee93225fc565adbfe1ade3bae3a0",
        "is_verified": false,
        "line_number": 40
      },
      {
        "type": "Private Key",
        "filename": ".venv\\Lib\\site-packages\\detect_secrets\\plugins\\private_key.py",
        "hashed_secret": "daefe0b4345a654580dcad25c7c11ff4c944a8c0",
        "is_verified": false,
        "line_number": 45
      },
      {
        "type": "Private Key",
        "filename": ".venv\\Lib\\site-packages\\detect_secrets\\plugins\\private_key.py",
        "hashed_secret": "f0778f3e140a61d5bbbed5430773e52af2f5fba4",
        "is_verified": false,
        "line_number": 46
      },
      {
        "type": "Private Key",
        "filename": ".venv\\Lib\\site-packages\\detect_secrets\\plugins\\private_key.py",
        "hashed_secret": "27c6929aef41ae2bcadac15ca6abcaff72cda9cd",
        "is_verified": false,
        "line_number": 47
      },
      {
        "type": "Private Key",
        "filename": ".venv\\Lib\\site-packages\\detect_secrets\\plugins\\private_key.py",
        "hashed_secret": "4ada9713ec27066b2ffe0b7bd9c9c8d635dc4ab2",
        "is_verified": false,
        "line_number": 48
      },
      {
        "type": "Private Key",
        "filename": ".venv\\Lib\\site-packages\\detect_secrets\\plugins\\private_key.py",
        "hashed_secret": "1348b145fa1a555461c1b790a2f66614781091e9",
        "is_verified": false,
        "line_number": 49
      },
      {
        "type": "Private Key",
        "filename": ".venv\\Lib\\site-packages\\detect_secrets\\plugins\\private_key.py",
        "hashed_secret": "be4fc4886bd949b369d5e092eb87494f12e57e5b",
        "is_verified": false,
        "line_number": 50
      },
      {
        "type": "Private Key",
        "filename": ".venv\\Lib\\site-packages\\detect_secrets\\plugins\\private_key.py",
        "hashed_secret": "9279619d0c9a9529b0b223e3b809f4df24b8ba8b",
        "is_verified": false,
        "line_number": 51
      },
      {
        "type": "Private Key",
        "filename": ".venv\\Lib\\site-packages\\detect_secrets\\plugins\\private_key.py",
        "hashed_secret": "11200d1bf5e1eb358b5d823c443347d97e982a85",
        "is_verified": false,
        "line_number": 52
      }
    ],
    ".venv\\Lib\\site-packages\\detect_secrets\\plugins\\pypi_token.py": [
      {
        "type": "Secret Keyword",
        "filename": ".venv\\Lib\\site-packages\\detect_secrets\\plugins\\pypi_token.py",
        "hashed_secret": "9b42f32269056810ecc07889f4bc0f2f20afd427",
        "is_verified": false,
        "line_number": 11
      }
    ],
    ".venv\\Lib\\site-packages\\detect_secrets\\plugins\\sendgrid.py": [
      {
        "type": "Secret Keyword",
        "filename": ".venv\\Lib\\site-packages\\detect_secrets\\plugins\\sendgrid.py",
        "hashed_secret": "2c59a4461d825cb06039b5b4d3edf6b83dfac044",
        "is_verified": false,
        "line_number": 11
      }
    ],
    ".venv\\Lib\\site-packages\\detect_secrets\\plugins\\slack.py": [
      {
        "type": "Secret Keyword",
        "filename": ".venv\\Lib\\site-packages\\detect_secrets\\plugins\\slack.py",
        "hashed_secret": "f53d14b97c7cdfa2eaac4b240c8ff4876a47640a",
        "is_verified": false,
        "line_number": 17
      }
    ],
    ".venv\\Lib\\site-packages\\detect_secrets\\plugins\\softlayer.py": [
      {
        "type": "Secret Keyword",
        "filename": ".venv\\Lib\\site-packages\\detect_secrets\\plugins\\softlayer.py",
        "hashed_secret": "d5d8ace6d124d2522a81bfae43b01b5c905dc2b8",
        "is_verified": false,
        "line_number": 14
      }
    ],
    ".venv\\Lib\\site-packages\\detect_secrets\\plugins\\square_oauth.py": [
      {
        "type": "Secret Keyword",
        "filename": ".venv\\Lib\\site-packages\\detect_secrets\\plugins\\square_oauth.py",
        "hashed_secret": "cc357703e7cb9f49dabce90321937ace687b20f0",
        "is_verified": false,
        "line_number": 8
      }
    ],
    ".venv\\Lib\\site-packages\\detect_secrets\\plugins\\stripe.py": [
      {
        "type": "Secret Keyword",
        "filename": ".venv\\Lib\\site-packages\\detect_secrets\\plugins\\stripe.py",
        "hashed_secret": "b4685568c7c8d5d49451a187014711ebc75f70af",
        "is_verified": false,
        "line_number": 12
      }
    ],
    ".venv\\Lib\\site-packages\\detect_secrets\\plugins\\telegram_token.py": [
      {
        "type": "Secret Keyword",
        "filename": ".venv\\Lib\\site-packages\\detect_secrets\\plugins\\telegram_token.py",
        "hashed_secret": "abfd5b9f85b54e77c61438784d766292e3a7f46b",
        "is_verified": false,
        "line_number": 14
      }
    ],
    ".venv\\Lib\\site-packages\\detect_secrets\\plugins\\twilio.py": [
      {
        "type": "Secret Keyword",
        "filename": ".venv\\Lib\\site-packages\\detect_secrets\\plugins\\twilio.py",
        "hashed_secret": "688ecd55118006d5bad4cd43f4a26a98a06bec19",
        "is_verified": false,
        "line_number": 11
      },
      {
        "type": "Twilio API Key",
        "filename": ".venv\\Lib\\site-packages\\detect_secrets\\plugins\\twilio.py",
        "hashed_secret": "3c7206eff845bc69cf12d904d0f95f9aec15535e",
        "is_verified": false,
        "line_number": 14
      },
      {
        "type": "Twilio API Key",
        "filename": ".venv\\Lib\\site-packages\\detect_secrets\\plugins\\twilio.py",
        "hashed_secret": "34c2246140bc39b1fce81d9be2124f713a06bdaf",
        "is_verified": false,
        "line_number": 17
      }
    ],
    ".venv\\Lib\\site-packages\\dns\\dnssec.py": [
      {
        "type": "Base64 High Entropy String",
        "filename": ".venv\\Lib\\site-packages\\dns\\dnssec.py",
        "hashed_secret": "6a40fbb3bd3c0673c9bff6ad305c8181d648a9bb",
        "is_verified": false,
        "line_number": 767
      }
    ],
    ".venv\\Lib\\site-packages\\dns\\rdtypes\\ANY\\NSEC3.py": [
      {
        "type": "Base64 High Entropy String",
        "filename": ".venv\\Lib\\site-packages\\dns\\rdtypes\\ANY\\NSEC3.py",
        "hashed_secret": "6a40fbb3bd3c0673c9bff6ad305c8181d648a9bb",
        "is_verified": false,
        "line_number": 30
      }
    ],
    ".venv\\Lib\\site-packages\\docket\\docket.py": [
      {
        "type": "Basic Auth Credentials",
        "filename": ".venv\\Lib\\site-packages\\docket\\docket.py",
        "hashed_secret": "5baa61e4c9b93f3f0682250b6cf8331b7ee68fd8",
        "is_verified": false,
        "line_number": 173
      }
    ],
    ".venv\\Lib\\site-packages\\fakeredis\\geo\\geohash.py": [
      {
        "type": "Base64 High Entropy String",
        "filename": ".venv\\Lib\\site-packages\\fakeredis\\geo\\geohash.py",
        "hashed_secret": "0455f57b5d085f130c60ee0256906252331beaab",
        "is_verified": false,
        "line_number": 6
      }
    ],
    ".venv\\Lib\\site-packages\\fastmcp\\mcp_config.py": [
      {
        "type": "Secret Keyword",
        "filename": ".venv\\Lib\\site-packages\\fastmcp\\mcp_config.py",
        "hashed_secret": "e5e9fa1ba31ecd1ae84f75caaa474f3a663f05f4",
        "is_verified": false,
        "line_number": 16
      }
    ],
    ".venv\\Lib\\site-packages\\fastmcp\\server\\auth\\oidc_proxy.py": [
      {
        "type": "Secret Keyword",
        "filename": ".venv\\Lib\\site-packages\\fastmcp\\server\\auth\\oidc_proxy.py",
        "hashed_secret": "910fbf00f58e9bcb095ea26a75cc1d9a3355e671",
        "is_verified": false,
        "line_number": 187
      }
    ],
    ".venv\\Lib\\site-packages\\fastmcp\\server\\auth\\providers\\auth0.py": [
      {
        "type": "Secret Keyword",
        "filename": ".venv\\Lib\\site-packages\\fastmcp\\server\\auth\\providers\\auth0.py",
        "hashed_secret": "0e2861e20da96f71c1e2f8a93a2b0d32ca3fd6bc",
        "is_verified": false,
        "line_number": 15
      }
    ],
    ".venv\\Lib\\site-packages\\fastmcp\\server\\auth\\providers\\aws.py": [
      {
        "type": "Secret Keyword",
        "filename": ".venv\\Lib\\site-packages\\fastmcp\\server\\auth\\providers\\aws.py",
        "hashed_secret": "21fef7e7e94c28e5e89b413c1d303d1b19be9c5b",
        "is_verified": false,
        "line_number": 17
      }
    ],
    ".venv\\Lib\\site-packages\\fastmcp\\server\\auth\\providers\\azure.py": [
      {
        "type": "Secret Keyword",
        "filename": ".venv\\Lib\\site-packages\\fastmcp\\server\\auth\\providers\\azure.py",
        "hashed_secret": "c303df00cd0a72b21c62900b758b06fc541664ce",
        "is_verified": false,
        "line_number": 105
      }
    ],
    ".venv\\Lib\\site-packages\\fastmcp\\server\\auth\\providers\\discord.py": [
      {
        "type": "Secret Keyword",
        "filename": ".venv\\Lib\\site-packages\\fastmcp\\server\\auth\\providers\\discord.py",
        "hashed_secret": "eba2ade5e05690d04c4476999996df0e1d87f9b6",
        "is_verified": false,
        "line_number": 15
      },
      {
        "type": "Secret Keyword",
        "filename": ".venv\\Lib\\site-packages\\fastmcp\\server\\auth\\providers\\discord.py",
        "hashed_secret": "c9c9edfa9386e221c428878cae3ba156cba37865",
        "is_verified": false,
        "line_number": 192
      }
    ],
    ".venv\\Lib\\site-packages\\fastmcp\\server\\auth\\providers\\github.py": [
      {
        "type": "Secret Keyword",
        "filename": ".venv\\Lib\\site-packages\\fastmcp\\server\\auth\\providers\\github.py",
        "hashed_secret": "ac371b6dcce28a86c90d12bc57d946a800eebf17",
        "is_verified": false,
        "line_number": 15
      },
      {
        "type": "Secret Keyword",
        "filename": ".venv\\Lib\\site-packages\\fastmcp\\server\\auth\\providers\\github.py",
        "hashed_secret": "c772f9581550b468734c14172e3abb8e8b617908",
        "is_verified": false,
        "line_number": 190
      }
    ],
    ".venv\\Lib\\site-packages\\fastmcp\\server\\auth\\providers\\google.py": [
      {
        "type": "Secret Keyword",
        "filename": ".venv\\Lib\\site-packages\\fastmcp\\server\\auth\\providers\\google.py",
        "hashed_secret": "0b6ec68df700dec4dcd64babd0eda1edccddace1",
        "is_verified": false,
        "line_number": 15
      },
      {
        "type": "Secret Keyword",
        "filename": ".venv\\Lib\\site-packages\\fastmcp\\server\\auth\\providers\\google.py",
        "hashed_secret": "3fb48808c31e6a08a5c0381a7d7af506a2138bf6",
        "is_verified": false,
        "line_number": 206
      }
    ],
    ".venv\\Lib\\site-packages\\fastmcp\\server\\auth\\providers\\introspection.py": [
      {
        "type": "Secret Keyword",
        "filename": ".venv\\Lib\\site-packages\\fastmcp\\server\\auth\\providers\\introspection.py",
        "hashed_secret": "c303df00cd0a72b21c62900b758b06fc541664ce",
        "is_verified": false,
        "line_number": 16
      },
      {
        "type": "Secret Keyword",
        "filename": ".venv\\Lib\\site-packages\\fastmcp\\server\\auth\\providers\\introspection.py",
        "hashed_secret": "dff6d4ff5dc357cf451d1855ab9cbda562645c9f",
        "is_verified": false,
        "line_number": 87
      }
    ],
    ".venv\\Lib\\site-packages\\fastmcp\\server\\auth\\providers\\workos.py": [
      {
        "type": "Secret Keyword",
        "filename": ".venv\\Lib\\site-packages\\fastmcp\\server\\auth\\providers\\workos.py",
        "hashed_secret": "4b79bc936f9820c6a5398b75593688c902668650",
        "is_verified": false,
        "line_number": 154
      }
    ],
    ".venv\\Lib\\site-packages\\fastmcp\\utilities\\mcp_server_config\\v1\\mcp_server_config.py": [
      {
        "type": "Secret Keyword",
        "filename": ".venv\\Lib\\site-packages\\fastmcp\\utilities\\mcp_server_config\\v1\\mcp_server_config.py",
        "hashed_secret": "e5e9fa1ba31ecd1ae84f75caaa474f3a663f05f4",
        "is_verified": false,
        "line_number": 76
      }
    ],
    ".venv\\Lib\\site-packages\\fastmcp\\utilities\\mcp_server_config\\v1\\schema.json": [
      {
        "type": "Secret Keyword",
        "filename": ".venv\\Lib\\site-packages\\fastmcp\\utilities\\mcp_server_config\\v1\\schema.json",
        "hashed_secret": "e5e9fa1ba31ecd1ae84f75caaa474f3a663f05f4",
        "is_verified": false,
        "line_number": 133
      }
    ],
    ".venv\\Lib\\site-packages\\httpx\\_urls.py": [
      {
        "type": "Secret Keyword",
        "filename": ".venv\\Lib\\site-packages\\httpx\\_urls.py",
        "hashed_secret": "66b9e5aef98ced908e577140bccee56bcf4d29b9",
        "is_verified": false,
        "line_number": 21
      },
      {
        "type": "Basic Auth Credentials",
        "filename": ".venv\\Lib\\site-packages\\httpx\\_urls.py",
        "hashed_secret": "86efd7a4b462b1f97dc94b27c2860dc1bcbde38d",
        "is_verified": false,
        "line_number": 34
      }
    ],
    ".venv\\Lib\\site-packages\\keyring-25.7.0.dist-info\\entry_points.txt": [
      {
        "type": "Secret Keyword",
        "filename": ".venv\\Lib\\site-packages\\keyring-25.7.0.dist-info\\entry_points.txt",
        "hashed_secret": "70350dc5a69c0cb573342f2eac40c921abd59594",
        "is_verified": false,
        "line_number": 9
      },
      {
        "type": "Secret Keyword",
        "filename": ".venv\\Lib\\site-packages\\keyring-25.7.0.dist-info\\entry_points.txt",
        "hashed_secret": "5ad7e79fc1c504b9af709a8089d45e643e97fe8c",
        "is_verified": false,
        "line_number": 12
      }
    ],
    ".venv\\Lib\\site-packages\\markdown_it\\port.yaml": [
      {
        "type": "Hex High Entropy String",
        "filename": ".venv\\Lib\\site-packages\\markdown_it\\port.yaml",
        "hashed_secret": "67bbc9611a3b21c403551b620c4b5bd27b2c8c4e",
        "is_verified": false,
        "line_number": 3
      }
    ],
    ".venv\\Lib\\site-packages\\mcp\\client\\auth\\extensions\\client_credentials.py": [
      {
        "type": "Secret Keyword",
        "filename": ".venv\\Lib\\site-packages\\mcp\\client\\auth\\extensions\\client_credentials.py",
        "hashed_secret": "e4f50034475acff058e17b35679f8ef1e54f86c5",
        "is_verified": false,
        "line_number": 36
      }
    ],
    ".venv\\Lib\\site-packages\\msal\\__main__.py": [
      {
        "type": "Base64 High Entropy String",
        "filename": ".venv\\Lib\\site-packages\\msal\\__main__.py",
        "hashed_secret": "40d01219dc80a9faa093fc0e2f1ce31a4582f47d",
        "is_verified": false,
        "line_number": 166
      }
    ],
    ".venv\\Lib\\site-packages\\msal\\application.py": [
      {
        "type": "Private Key",
        "filename": ".venv\\Lib\\site-packages\\msal\\application.py",
        "hashed_secret": "1348b145fa1a555461c1b790a2f66614781091e9",
        "is_verified": false,
        "line_number": 286
      }
    ],
    ".venv\\Lib\\site-packages\\msal\\managed_identity.py": [
      {
        "type": "Secret Keyword",
        "filename": ".venv\\Lib\\site-packages\\msal\\managed_identity.py",
        "hashed_secret": "d2d8f2ff72b5e4868108d18ceac626dd0b775525",
        "is_verified": false,
        "line_number": 621
      }
    ],
    ".venv\\Lib\\site-packages\\msal\\oauth2cli\\oauth2.py": [
      {
        "type": "Secret Keyword",
        "filename": ".venv\\Lib\\site-packages\\msal\\oauth2cli\\oauth2.py",
        "hashed_secret": "0608e3a8d47617c26648607844c6b3a14a06bb15",
        "is_verified": false,
        "line_number": 116
      }
    ],
    ".venv\\Lib\\site-packages\\opentelemetry\\sdk\\environment_variables\\__init__.py": [
      {
        "type": "Secret Keyword",
        "filename": ".venv\\Lib\\site-packages\\opentelemetry\\sdk\\environment_variables\\__init__.py",
        "hashed_secret": "a4b5a7ca32748de58641d20a28f3fd1475d0971a",
        "is_verified": false,
        "line_number": 239
      },
      {
        "type": "Secret Keyword",
        "filename": ".venv\\Lib\\site-packages\\opentelemetry\\sdk\\environment_variables\\__init__.py",
        "hashed_secret": "a68a5e8adfc81ee7a0e7a1a1d0345d927b87e748",
        "is_verified": false,
        "line_number": 561
      },
      {
        "type": "Secret Keyword",
        "filename": ".venv\\Lib\\site-packages\\opentelemetry\\sdk\\environment_variables\\__init__.py",
        "hashed_secret": "0bad58a47a20967a5fe8b35e2cd65d8a12d7be42",
        "is_verified": false,
        "line_number": 569
      },
      {
        "type": "Secret Keyword",
        "filename": ".venv\\Lib\\site-packages\\opentelemetry\\sdk\\environment_variables\\__init__.py",
        "hashed_secret": "a0ff9b2bd32b8c6deaec5ea75d843c69d7b1a779",
        "is_verified": false,
        "line_number": 577
      },
      {
        "type": "Secret Keyword",
        "filename": ".venv\\Lib\\site-packages\\opentelemetry\\sdk\\environment_variables\\__init__.py",
        "hashed_secret": "8ba1a534a49e3e9a9b29553749a9eba7d5aba34c",
        "is_verified": false,
        "line_number": 585
      }
    ],
    ".venv\\Lib\\site-packages\\opentelemetry\\semconv\\_incubating\\attributes\\k8s_attributes.py": [
      {
        "type": "Secret Keyword",
        "filename": ".venv\\Lib\\site-packages\\opentelemetry\\semconv\\_incubating\\attributes\\k8s_attributes.py",
        "hashed_secret": "e5e9fa1ba31ecd1ae84f75caaa474f3a663f05f4",
        "is_verified": false,
        "line_number": 584
      }
    ],
    ".venv\\Lib\\site-packages\\opentelemetry\\semconv\\_incubating\\attributes\\url_attributes.py": [
      {
        "type": "Basic Auth Credentials",
        "filename": ".venv\\Lib\\site-packages\\opentelemetry\\semconv\\_incubating\\attributes\\url_attributes.py",
        "hashed_secret": "5baa61e4c9b93f3f0682250b6cf8331b7ee68fd8",
        "is_verified": false,
        "line_number": 43
      }
    ],
    ".venv\\Lib\\site-packages\\opentelemetry\\semconv\\attributes\\url_attributes.py": [
      {
        "type": "Basic Auth Credentials",
        "filename": ".venv\\Lib\\site-packages\\opentelemetry\\semconv\\attributes\\url_attributes.py",
        "hashed_secret": "5baa61e4c9b93f3f0682250b6cf8331b7ee68fd8",
        "is_verified": false,
        "line_number": 28
      },
      {
        "type": "Basic Auth Credentials",
        "filename": ".venv\\Lib\\site-packages\\opentelemetry\\semconv\\attributes\\url_attributes.py",
        "hashed_secret": "b02dff0ec9d24823e77c27c281a852247896b86d",
        "is_verified": false,
        "line_number": 29
      }
    ],
    ".venv\\Lib\\site-packages\\opentelemetry\\semconv\\trace\\__init__.py": [
      {
        "type": "Basic Auth Credentials",
        "filename": ".venv\\Lib\\site-packages\\opentelemetry\\semconv\\trace\\__init__.py",
        "hashed_secret": "5baa61e4c9b93f3f0682250b6cf8331b7ee68fd8",
        "is_verified": false,
        "line_number": 501
      },
      {
        "type": "Basic Auth Credentials",
        "filename": ".venv\\Lib\\site-packages\\opentelemetry\\semconv\\trace\\__init__.py",
        "hashed_secret": "b02dff0ec9d24823e77c27c281a852247896b86d",
        "is_verified": false,
        "line_number": 501
      }
    ],
    ".venv\\Lib\\site-packages\\pre_commit\\commands\\install_uninstall.py": [
      {
        "type": "Hex High Entropy String",
        "filename": ".venv\\Lib\\site-packages\\pre_commit\\commands\\install_uninstall.py",
        "hashed_secret": "9b9dd75e14b3d5daf49efe7ad4b33158e83f3118",
        "is_verified": false,
        "line_number": 24
      },
      {
        "type": "Hex High Entropy String",
        "filename": ".venv\\Lib\\site-packages\\pre_commit\\commands\\install_uninstall.py",
        "hashed_secret": "3f8c0253b8b8f48e4163987a57887d65bf47acef",
        "is_verified": false,
        "line_number": 25
      },
      {
        "type": "Hex High Entropy String",
        "filename": ".venv\\Lib\\site-packages\\pre_commit\\commands\\install_uninstall.py",
        "hashed_secret": "5760247c1ef6a849a9844d08c09cb84dda49969a",
        "is_verified": false,
        "line_number": 26
      },
      {
        "type": "Hex High Entropy String",
        "filename": ".venv\\Lib\\site-packages\\pre_commit\\commands\\install_uninstall.py",
        "hashed_secret": "dee152431eea26b9d52e4cfd363ff2d78b8c4ebd",
        "is_verified": false,
        "line_number": 27
      },
      {
        "type": "Hex High Entropy String",
        "filename": ".venv\\Lib\\site-packages\\pre_commit\\commands\\install_uninstall.py",
        "hashed_secret": "24594121c136246cf8c2de7ee1ee39f71e2d41d4",
        "is_verified": false,
        "line_number": 28
      },
      {
        "type": "Hex High Entropy String",
        "filename": ".venv\\Lib\\site-packages\\pre_commit\\commands\\install_uninstall.py",
        "hashed_secret": "3b83f939b10fedeb7d0956a22f8696be8315df51",
        "is_verified": false,
        "line_number": 30
      }
    ],
    ".venv\\Lib\\site-packages\\pydantic\\types.py": [
      {
        "type": "Secret Keyword",
        "filename": ".venv\\Lib\\site-packages\\pydantic\\types.py",
        "hashed_secret": "45e1bd4d6c75a154fdfdc0a951ddfc12983885b3",
        "is_verified": false,
        "line_number": 1854
      },
      {
        "type": "Base64 High Entropy String",
        "filename": ".venv\\Lib\\site-packages\\pydantic\\types.py",
        "hashed_secret": "befba895abf49e14d21c1aee434c561647996707",
        "is_verified": false,
        "line_number": 2780
      }
    ],
    ".venv\\Lib\\site-packages\\pydantic_settings\\sources\\providers\\nested_secrets.py": [
      {
        "type": "Secret Keyword",
        "filename": ".venv\\Lib\\site-packages\\pydantic_settings\\sources\\providers\\nested_secrets.py",
        "hashed_secret": "7a85f4764bbd6daf1c3545efbbf0f279a6dc0beb",
        "is_verified": false,
        "line_number": 138
      },
      {
        "type": "Secret Keyword",
        "filename": ".venv\\Lib\\site-packages\\pydantic_settings\\sources\\providers\\nested_secrets.py",
        "hashed_secret": "4c8ea4760fcb5dff8ec1af0394a338be9df55090",
        "is_verified": false,
        "line_number": 140
      },
      {
        "type": "Secret Keyword",
        "filename": ".venv\\Lib\\site-packages\\pydantic_settings\\sources\\providers\\nested_secrets.py",
        "hashed_secret": "11f9578d05e6f7bb58a3cdd00107e9f4e3882671",
        "is_verified": false,
        "line_number": 142
      }
    ],
    ".venv\\Lib\\site-packages\\pygments\\lexers\\_cocoa_builtins.py": [
      {
        "type": "Base64 High Entropy String",
        "filename": ".venv\\Lib\\site-packages\\pygments\\lexers\\_cocoa_builtins.py",
        "hashed_secret": "d42bda5de6790d8696ff1e43db8babaaecfbdb5a",
        "is_verified": false,
        "line_number": 14
      }
    ],
    ".venv\\Lib\\site-packages\\pythonwin\\pywin\\scintilla\\formatter.py": [
      {
        "type": "Base64 High Entropy String",
        "filename": ".venv\\Lib\\site-packages\\pythonwin\\pywin\\scintilla\\formatter.py",
        "hashed_secret": "4b77ac28aa1689525ad87ae2a176e92ee3eb35d8",
        "is_verified": false,
        "line_number": 342
      }
    ],
    ".venv\\Lib\\site-packages\\urllib3\\util\\url.py": [
      {
        "type": "Basic Auth Credentials",
        "filename": ".venv\\Lib\\site-packages\\urllib3\\util\\url.py",
        "hashed_secret": "5baa61e4c9b93f3f0682250b6cf8331b7ee68fd8",
        "is_verified": false,
        "line_number": 186
      }
    ],
    ".venv\\Lib\\site-packages\\win32\\Demos\\win32netdemo.py": [
      {
        "type": "Secret Keyword",
        "filename": ".venv\\Lib\\site-packages\\win32\\Demos\\win32netdemo.py",
        "hashed_secret": "3f6969d8b35ceab6fcdcbcb547c3993356baa3f6",
        "is_verified": false,
        "line_number": 32
      }
    ],
    ".venv\\Lib\\site-packages\\win32\\lib\\ntsecuritycon.py": [
      {
        "type": "Hex High Entropy String",
        "filename": ".venv\\Lib\\site-packages\\win32\\lib\\ntsecuritycon.py",
        "hashed_secret": "2d612bf22dab75274b9dc71484218421a8bda6d6",
        "is_verified": false,
        "line_number": 464
      },
      {
        "type": "Hex High Entropy String",
        "filename": ".venv\\Lib\\site-packages\\win32\\lib\\ntsecuritycon.py",
        "hashed_secret": "f67b8c45061075ab28816fff595e2d97d87c9c5b",
        "is_verified": false,
        "line_number": 465
      },
      {
        "type": "Hex High Entropy String",
        "filename": ".venv\\Lib\\site-packages\\win32\\lib\\ntsecuritycon.py",
        "hashed_secret": "5412811e04cea0df602cef30afa4c8fe9862b4d0",
        "is_verified": false,
        "line_number": 466
      },
      {
        "type": "Hex High Entropy String",
        "filename": ".venv\\Lib\\site-packages\\win32\\lib\\ntsecuritycon.py",
        "hashed_secret": "4a32ebcbde6b33194dc7dbdbeb1938cef5385c67",
        "is_verified": false,
        "line_number": 467
      },
      {
        "type": "Hex High Entropy String",
        "filename": ".venv\\Lib\\site-packages\\win32\\lib\\ntsecuritycon.py",
        "hashed_secret": "850364d216208d7ad155e2ff10d3eb5d5c8c4534",
        "is_verified": false,
        "line_number": 468
      },
      {
        "type": "Hex High Entropy String",
        "filename": ".venv\\Lib\\site-packages\\win32\\lib\\ntsecuritycon.py",
        "hashed_secret": "991a2a0151964a2fba859f4dbff0b4e79f9512ad",
        "is_verified": false,
        "line_number": 469
      },
      {
        "type": "Hex High Entropy String",
        "filename": ".venv\\Lib\\site-packages\\win32\\lib\\ntsecuritycon.py",
        "hashed_secret": "e4b756db6037057d549023e4dbafdf89bdc51990",
        "is_verified": false,
        "line_number": 470
      },
      {
        "type": "Hex High Entropy String",
        "filename": ".venv\\Lib\\site-packages\\win32\\lib\\ntsecuritycon.py",
        "hashed_secret": "5cda8fcc28261df8b9bc8c69f64adb64626372eb",
        "is_verified": false,
        "line_number": 471
      },
      {
        "type": "Hex High Entropy String",
        "filename": ".venv\\Lib\\site-packages\\win32\\lib\\ntsecuritycon.py",
        "hashed_secret": "4663ecb301456ac3ba7ecf22b15e439c6fd0c318",
        "is_verified": false,
        "line_number": 472
      },
      {
        "type": "Hex High Entropy String",
        "filename": ".venv\\Lib\\site-packages\\win32\\lib\\ntsecuritycon.py",
        "hashed_secret": "519fa75f7bfb14c2ecfb3ecc86fa4e638a561786",
        "is_verified": false,
        "line_number": 473
      },
      {
        "type": "Hex High Entropy String",
        "filename": ".venv\\Lib\\site-packages\\win32\\lib\\ntsecuritycon.py",
        "hashed_secret": "e7d146b9c772e876f1f317a63b44ed7633984d22",
        "is_verified": false,
        "line_number": 474
      }
    ],
    ".venv\\Lib\\site-packages\\win32\\lib\\rasutil.py": [
      {
        "type": "Secret Keyword",
        "filename": ".venv\\Lib\\site-packages\\win32\\lib\\rasutil.py",
        "hashed_secret": "0fd9b0c0484b51ce91e03bd71aa6e244dadcc9dd",
        "is_verified": false,
        "line_number": 13
      },
      {
        "type": "Secret Keyword",
        "filename": ".venv\\Lib\\site-packages\\win32\\lib\\rasutil.py",
        "hashed_secret": "f605f30f4edfe3b66c76b5c3ee560feabf1be851",
        "is_verified": false,
        "line_number": 29
      }
    ],
    ".venv\\Lib\\site-packages\\win32\\lib\\win32cryptcon.py": [
      {
        "type": "Secret Keyword",
        "filename": ".venv\\Lib\\site-packages\\win32\\lib\\win32cryptcon.py",
        "hashed_secret": "099e39fb06b08dd9cba10fed17336d54697e321d",
        "is_verified": false,
        "line_number": 368
      },
      {
        "type": "Secret Keyword",
        "filename": ".venv\\Lib\\site-packages\\win32\\lib\\win32cryptcon.py",
        "hashed_secret": "85a0a794fa9eb8a69cf52d6004ddf2a82416421f",
        "is_verified": false,
        "line_number": 1617
      },
      {
        "type": "Secret Keyword",
        "filename": ".venv\\Lib\\site-packages\\win32\\lib\\win32cryptcon.py",
        "hashed_secret": "78412bdb4c5e2c1f727d37b60d8f8dc64c52c98d",
        "is_verified": false,
        "line_number": 1618
      }
    ],
    ".venv\\Scripts\\activate.bat": [
      {
        "type": "Base64 High Entropy String",
        "filename": ".venv\\Scripts\\activate.bat",
        "hashed_secret": "881cd747e9baa8d02e167e67f1c05ce27facfaf7",
        "is_verified": false,
        "line_number": 31
      }
    ]
  },
  "generated_at": "2026-01-15T22:46:53Z"
}
